// Jest Snapshot v1, https://goo.gl/fbAQLP

exports[`Searchfield when a name is not provided should render as expected 1`] = `
<div class="attrs-fix">
  <div class="input searchfield-container"><label class="input__label sr-only">
      My Label
    </label>
    <div tabindex="0" class="searchfield rounded-lg"><span class="searchfield__left"><svg xmlns="http://www.w3.org/2000/svg" fill="none" viewBox="0 0 24 24" stroke="currentColor" class="searchfield__icon"><path stroke-linecap="round" stroke-linejoin="round" stroke-width="2" d="M21 21l-6-6m2-5a7 7 0 11-14 0 7 7 0 0114 0z"></path></svg></span> <input type="search" placeholder="My Label" name="" class="searchfield__input"> <span class="searchfield__right"><button type="reset" class="searchfield__clear button" style="display: none;"><div class="button__content"><!----> <span class="button__content--center"><svg xmlns="http://www.w3.org/2000/svg" viewBox="0 0 20 20" fill="currentColor" class="searchfield__clear__icon"><path fill-rule="evenodd" d="M4.293 4.293a1 1 0 011.414 0L10 8.586l4.293-4.293a1 1 0 111.414 1.414L11.414 10l4.293 4.293a1 1 0 01-1.414 1.414L10 11.414l-4.293 4.293a1 1 0 01-1.414-1.414L8.586 10 4.293 5.707a1 1 0 010-1.414z" clip-rule="evenodd"></path></svg></span>
      <!---->
    </div></button></span>
  </div>
  <!---->
  <!---->
</div>
</div>
`;

exports[`Searchfield when a name is provided should render as expected 1`] = `
<div class="attrs-fix">
  <div class="input searchfield-container"><label class="input__label sr-only">
      My Label
    </label>
    <div tabindex="0" class="searchfield rounded-lg"><span class="searchfield__left"><svg xmlns="http://www.w3.org/2000/svg" fill="none" viewBox="0 0 24 24" stroke="currentColor" class="searchfield__icon"><path stroke-linecap="round" stroke-linejoin="round" stroke-width="2" d="M21 21l-6-6m2-5a7 7 0 11-14 0 7 7 0 0114 0z"></path></svg></span> <input type="search" placeholder="My Label" name="inputName" class="searchfield__input"> <span class="searchfield__right"><button type="reset" class="searchfield__clear button" style="display: none;"><div class="button__content"><!----> <span class="button__content--center"><svg xmlns="http://www.w3.org/2000/svg" viewBox="0 0 20 20" fill="currentColor" class="searchfield__clear__icon"><path fill-rule="evenodd" d="M4.293 4.293a1 1 0 011.414 0L10 8.586l4.293-4.293a1 1 0 111.414 1.414L11.414 10l4.293 4.293a1 1 0 01-1.414 1.414L10 11.414l-4.293 4.293a1 1 0 01-1.414-1.414L8.586 10 4.293 5.707a1 1 0 010-1.414z" clip-rule="evenodd"></path></svg></span>
      <!---->
    </div></button></span>
  </div>
  <!---->
  <!---->
</div>
</div>
`;

exports[`Searchfield when a placeholder is not provided should render as expected 1`] = `
<div class="attrs-fix">
  <div class="input searchfield-container"><label class="input__label sr-only">
      My Label
    </label>
    <div tabindex="0" class="searchfield rounded-lg"><span class="searchfield__left"><svg xmlns="http://www.w3.org/2000/svg" fill="none" viewBox="0 0 24 24" stroke="currentColor" class="searchfield__icon"><path stroke-linecap="round" stroke-linejoin="round" stroke-width="2" d="M21 21l-6-6m2-5a7 7 0 11-14 0 7 7 0 0114 0z"></path></svg></span> <input type="search" placeholder="My Label" name="" class="searchfield__input"> <span class="searchfield__right"><button type="reset" class="searchfield__clear button" style="display: none;"><div class="button__content"><!----> <span class="button__content--center"><svg xmlns="http://www.w3.org/2000/svg" viewBox="0 0 20 20" fill="currentColor" class="searchfield__clear__icon"><path fill-rule="evenodd" d="M4.293 4.293a1 1 0 011.414 0L10 8.586l4.293-4.293a1 1 0 111.414 1.414L11.414 10l4.293 4.293a1 1 0 01-1.414 1.414L10 11.414l-4.293 4.293a1 1 0 01-1.414-1.414L8.586 10 4.293 5.707a1 1 0 010-1.414z" clip-rule="evenodd"></path></svg></span>
      <!---->
    </div></button></span>
  </div>
  <!---->
  <!---->
</div>
</div>
`;

exports[`Searchfield when a placeholder is provided should render as expected 1`] = `
<div class="attrs-fix">
  <div class="input searchfield-container"><label class="input__label sr-only">
      My Label
    </label>
    <div tabindex="0" class="searchfield rounded-lg"><span class="searchfield__left"><svg xmlns="http://www.w3.org/2000/svg" fill="none" viewBox="0 0 24 24" stroke="currentColor" class="searchfield__icon"><path stroke-linecap="round" stroke-linejoin="round" stroke-width="2" d="M21 21l-6-6m2-5a7 7 0 11-14 0 7 7 0 0114 0z"></path></svg></span> <input type="search" placeholder="My Placeholder" name="" class="searchfield__input"> <span class="searchfield__right"><button type="reset" class="searchfield__clear button" style="display: none;"><div class="button__content"><!----> <span class="button__content--center"><svg xmlns="http://www.w3.org/2000/svg" viewBox="0 0 20 20" fill="currentColor" class="searchfield__clear__icon"><path fill-rule="evenodd" d="M4.293 4.293a1 1 0 011.414 0L10 8.586l4.293-4.293a1 1 0 111.414 1.414L11.414 10l4.293 4.293a1 1 0 01-1.414 1.414L10 11.414l-4.293 4.293a1 1 0 01-1.414-1.414L8.586 10 4.293 5.707a1 1 0 010-1.414z" clip-rule="evenodd"></path></svg></span>
      <!---->
    </div></button></span>
  </div>
  <!---->
  <!---->
</div>
</div>
`;

exports[`Searchfield when no props are provided should render as expected 1`] = `
<div class="attrs-fix">
  <div class="input searchfield-container"><label class="input__label sr-only">
      My Label
    </label>
    <div tabindex="0" class="searchfield rounded-lg"><span class="searchfield__left"><svg xmlns="http://www.w3.org/2000/svg" fill="none" viewBox="0 0 24 24" stroke="currentColor" class="searchfield__icon"><path stroke-linecap="round" stroke-linejoin="round" stroke-width="2" d="M21 21l-6-6m2-5a7 7 0 11-14 0 7 7 0 0114 0z"></path></svg></span> <input type="search" placeholder="My Label" name="" class="searchfield__input"> <span class="searchfield__right"><button type="reset" class="searchfield__clear button" style="display: none;"><div class="button__content"><!----> <span class="button__content--center"><svg xmlns="http://www.w3.org/2000/svg" viewBox="0 0 20 20" fill="currentColor" class="searchfield__clear__icon"><path fill-rule="evenodd" d="M4.293 4.293a1 1 0 011.414 0L10 8.586l4.293-4.293a1 1 0 111.414 1.414L11.414 10l4.293 4.293a1 1 0 01-1.414 1.414L10 11.414l-4.293 4.293a1 1 0 01-1.414-1.414L8.586 10 4.293 5.707a1 1 0 010-1.414z" clip-rule="evenodd"></path></svg></span>
      <!---->
    </div></button></span>
  </div>
  <!---->
  <!---->
</div>
</div>
`;

exports[`Searchfield when the focus event is emitted from the container element should render as expected 1`] = `
<div class="attrs-fix">
  <div class="input searchfield-container"><label class="input__label sr-only">
      My Label
    </label>
    <div tabindex="0" class="searchfield rounded-lg"><span class="searchfield__left"><svg xmlns="http://www.w3.org/2000/svg" fill="none" viewBox="0 0 24 24" stroke="currentColor" class="searchfield__icon"><path stroke-linecap="round" stroke-linejoin="round" stroke-width="2" d="M21 21l-6-6m2-5a7 7 0 11-14 0 7 7 0 0114 0z"></path></svg></span> <input type="search" placeholder="My Label" name="" class="searchfield__input"> <span class="searchfield__right"><button type="reset" class="searchfield__clear button" style="display: none;"><div class="button__content"><!----> <span class="button__content--center"><svg xmlns="http://www.w3.org/2000/svg" viewBox="0 0 20 20" fill="currentColor" class="searchfield__clear__icon"><path fill-rule="evenodd" d="M4.293 4.293a1 1 0 011.414 0L10 8.586l4.293-4.293a1 1 0 111.414 1.414L11.414 10l4.293 4.293a1 1 0 01-1.414 1.414L10 11.414l-4.293 4.293a1 1 0 01-1.414-1.414L8.586 10 4.293 5.707a1 1 0 010-1.414z" clip-rule="evenodd"></path></svg></span>
      <!---->
    </div></button></span>
  </div>
  <!---->
  <!---->
</div>
</div>
`;

exports[`Searchfield when the input event is emitted from the input should render as expected 1`] = `
<div class="attrs-fix">
  <div class="input searchfield-container"><label class="input__label sr-only">
      My Label
    </label>
    <div tabindex="0" class="searchfield rounded-lg"><span class="searchfield__left"><svg xmlns="http://www.w3.org/2000/svg" fill="none" viewBox="0 0 24 24" stroke="currentColor" class="searchfield__icon"><path stroke-linecap="round" stroke-linejoin="round" stroke-width="2" d="M21 21l-6-6m2-5a7 7 0 11-14 0 7 7 0 0114 0z"></path></svg></span> <input type="search" placeholder="My Label" name="" class="searchfield__input"> <span class="searchfield__right"><button type="reset" class="searchfield__clear button" style=""><div class="button__content"><!----> <span class="button__content--center"><svg xmlns="http://www.w3.org/2000/svg" viewBox="0 0 20 20" fill="currentColor" class="searchfield__clear__icon"><path fill-rule="evenodd" d="M4.293 4.293a1 1 0 011.414 0L10 8.586l4.293-4.293a1 1 0 111.414 1.414L11.414 10l4.293 4.293a1 1 0 01-1.414 1.414L10 11.414l-4.293 4.293a1 1 0 01-1.414-1.414L8.586 10 4.293 5.707a1 1 0 010-1.414z" clip-rule="evenodd"></path></svg></span>
      <!---->
    </div></button></span>
  </div>
  <!---->
  <!---->
</div>
</div>
`;

exports[`Searchfield when the search field is disabled should render as expected 1`] = `
<div class="attrs-fix">
  <div class="input searchfield-container"><label class="input__label sr-only">
      My Label
    </label>
    <div tabindex="0" class="searchfield rounded-lg"><span class="searchfield__left"><svg xmlns="http://www.w3.org/2000/svg" fill="none" viewBox="0 0 24 24" stroke="currentColor" class="searchfield__icon"><path stroke-linecap="round" stroke-linejoin="round" stroke-width="2" d="M21 21l-6-6m2-5a7 7 0 11-14 0 7 7 0 0114 0z"></path></svg></span> <input type="search" placeholder="My Label" disabled="disabled" name="" class="searchfield__input"> <span class="searchfield__right"><button type="reset" class="searchfield__clear button" style="display: none;"><div class="button__content"><!----> <span class="button__content--center"><svg xmlns="http://www.w3.org/2000/svg" viewBox="0 0 20 20" fill="currentColor" class="searchfield__clear__icon"><path fill-rule="evenodd" d="M4.293 4.293a1 1 0 011.414 0L10 8.586l4.293-4.293a1 1 0 111.414 1.414L11.414 10l4.293 4.293a1 1 0 01-1.414 1.414L10 11.414l-4.293 4.293a1 1 0 01-1.414-1.414L8.586 10 4.293 5.707a1 1 0 010-1.414z" clip-rule="evenodd"></path></svg></span>
      <!---->
    </div></button></span>
  </div>
  <!---->
  <!---->
</div>
</div>
`;

exports[`Searchfield when the search field is enabled should render as expected 1`] = `
<div class="attrs-fix">
  <div class="input searchfield-container"><label class="input__label sr-only">
      My Label
    </label>
    <div tabindex="0" class="searchfield rounded-lg"><span class="searchfield__left"><svg xmlns="http://www.w3.org/2000/svg" fill="none" viewBox="0 0 24 24" stroke="currentColor" class="searchfield__icon"><path stroke-linecap="round" stroke-linejoin="round" stroke-width="2" d="M21 21l-6-6m2-5a7 7 0 11-14 0 7 7 0 0114 0z"></path></svg></span> <input type="search" placeholder="My Label" name="" class="searchfield__input"> <span class="searchfield__right"><button type="reset" class="searchfield__clear button" style="display: none;"><div class="button__content"><!----> <span class="button__content--center"><svg xmlns="http://www.w3.org/2000/svg" viewBox="0 0 20 20" fill="currentColor" class="searchfield__clear__icon"><path fill-rule="evenodd" d="M4.293 4.293a1 1 0 011.414 0L10 8.586l4.293-4.293a1 1 0 111.414 1.414L11.414 10l4.293 4.293a1 1 0 01-1.414 1.414L10 11.414l-4.293 4.293a1 1 0 01-1.414-1.414L8.586 10 4.293 5.707a1 1 0 010-1.414z" clip-rule="evenodd"></path></svg></span>
      <!---->
    </div></button></span>
  </div>
  <!---->
  <!---->
</div>
</div>
`;

exports[`Searchfield when the search field is not readonly should render as expected 1`] = `
<div class="attrs-fix">
  <div class="input searchfield-container"><label class="input__label sr-only">
      My Label
    </label>
    <div tabindex="0" class="searchfield rounded-lg"><span class="searchfield__left"><svg xmlns="http://www.w3.org/2000/svg" fill="none" viewBox="0 0 24 24" stroke="currentColor" class="searchfield__icon"><path stroke-linecap="round" stroke-linejoin="round" stroke-width="2" d="M21 21l-6-6m2-5a7 7 0 11-14 0 7 7 0 0114 0z"></path></svg></span> <input type="search" placeholder="My Label" name="" class="searchfield__input"> <span class="searchfield__right"><button type="reset" class="searchfield__clear button" style="display: none;"><div class="button__content"><!----> <span class="button__content--center"><svg xmlns="http://www.w3.org/2000/svg" viewBox="0 0 20 20" fill="currentColor" class="searchfield__clear__icon"><path fill-rule="evenodd" d="M4.293 4.293a1 1 0 011.414 0L10 8.586l4.293-4.293a1 1 0 111.414 1.414L11.414 10l4.293 4.293a1 1 0 01-1.414 1.414L10 11.414l-4.293 4.293a1 1 0 01-1.414-1.414L8.586 10 4.293 5.707a1 1 0 010-1.414z" clip-rule="evenodd"></path></svg></span>
      <!---->
    </div></button></span>
  </div>
  <!---->
  <!---->
</div>
</div>
`;

exports[`Searchfield when the search field is readonly should render as expected 1`] = `
<div class="attrs-fix">
  <div class="input searchfield-container"><label class="input__label sr-only">
      My Label
    </label>
    <div tabindex="0" class="searchfield rounded-lg"><span class="searchfield__left"><svg xmlns="http://www.w3.org/2000/svg" fill="none" viewBox="0 0 24 24" stroke="currentColor" class="searchfield__icon"><path stroke-linecap="round" stroke-linejoin="round" stroke-width="2" d="M21 21l-6-6m2-5a7 7 0 11-14 0 7 7 0 0114 0z"></path></svg></span> <input type="search" placeholder="My Label" readonly="readonly" name="" class="searchfield__input searchfield__input--readonly"> <span class="searchfield__right"><button type="reset" class="searchfield__clear button" style="display: none;"><div class="button__content"><!----> <span class="button__content--center"><svg xmlns="http://www.w3.org/2000/svg" viewBox="0 0 20 20" fill="currentColor" class="searchfield__clear__icon"><path fill-rule="evenodd" d="M4.293 4.293a1 1 0 011.414 0L10 8.586l4.293-4.293a1 1 0 111.414 1.414L11.414 10l4.293 4.293a1 1 0 01-1.414 1.414L10 11.414l-4.293 4.293a1 1 0 01-1.414-1.414L8.586 10 4.293 5.707a1 1 0 010-1.414z" clip-rule="evenodd"></path></svg></span>
      <!---->
    </div></button></span>
  </div>
  <!---->
  <!---->
</div>
</div>
`;

exports[`Searchfield when validation errors are not present should render as expected 1`] = `
<div class="attrs-fix">
  <div class="input searchfield-container"><label class="input__label sr-only">
      My Label
    </label>
    <div tabindex="0" class="searchfield rounded-lg"><span class="searchfield__left"><svg xmlns="http://www.w3.org/2000/svg" fill="none" viewBox="0 0 24 24" stroke="currentColor" class="searchfield__icon"><path stroke-linecap="round" stroke-linejoin="round" stroke-width="2" d="M21 21l-6-6m2-5a7 7 0 11-14 0 7 7 0 0114 0z"></path></svg></span> <input type="search" placeholder="My Label" name="" class="searchfield__input"> <span class="searchfield__right"><button type="reset" class="searchfield__clear button" style=""><div class="button__content"><!----> <span class="button__content--center"><svg xmlns="http://www.w3.org/2000/svg" viewBox="0 0 20 20" fill="currentColor" class="searchfield__clear__icon"><path fill-rule="evenodd" d="M4.293 4.293a1 1 0 011.414 0L10 8.586l4.293-4.293a1 1 0 111.414 1.414L11.414 10l4.293 4.293a1 1 0 01-1.414 1.414L10 11.414l-4.293 4.293a1 1 0 01-1.414-1.414L8.586 10 4.293 5.707a1 1 0 010-1.414z" clip-rule="evenodd"></path></svg></span>
      <!---->
    </div></button></span>
  </div>
  <!---->
  <!---->
</div>
</div>
`;

exports[`Searchfield when validation errors are present should render as expected 1`] = `
<div class="attrs-fix">
  <div class="input searchfield-container"><label class="input__label sr-only">
      My Label
    </label>
    <div tabindex="0" class="searchfield rounded-lg"><span class="searchfield__left"><svg xmlns="http://www.w3.org/2000/svg" fill="none" viewBox="0 0 24 24" stroke="currentColor" class="searchfield__icon"><path stroke-linecap="round" stroke-linejoin="round" stroke-width="2" d="M21 21l-6-6m2-5a7 7 0 11-14 0 7 7 0 0114 0z"></path></svg></span> <input type="search" placeholder="My Label" name="" class="searchfield__input"> <span class="searchfield__right"><button type="reset" class="searchfield__clear button" style="display: none;"><div class="button__content"><!----> <span class="button__content--center"><svg xmlns="http://www.w3.org/2000/svg" viewBox="0 0 20 20" fill="currentColor" class="searchfield__clear__icon"><path fill-rule="evenodd" d="M4.293 4.293a1 1 0 011.414 0L10 8.586l4.293-4.293a1 1 0 111.414 1.414L11.414 10l4.293 4.293a1 1 0 01-1.414 1.414L10 11.414l-4.293 4.293a1 1 0 01-1.414-1.414L8.586 10 4.293 5.707a1 1 0 010-1.414z" clip-rule="evenodd"></path></svg></span>
      <!---->
    </div></button></span>
  </div>
  <!---->
  <div class="input__errors"><span class="input__error text-error-400">
        My Label is not valid.
      </span></div>
</div>
</div>
`;
