// Jest Snapshot v1, https://goo.gl/fbAQLP

exports[`Search Form when a search is performed that matches the current search term should render as expected 1`] = `
<form class="form search__form">
  <div class="search__form__container">
    <div class="attrs-fix search__box">
      <div class="input searchfield-container"><label for="search-box" class="input__label sr-only">
          Search Term
        </label>
        <div tabindex="0" class="searchfield rounded-lg search__container"><span class="searchfield__left"><svg xmlns="http://www.w3.org/2000/svg" fill="none" viewBox="0 0 24 24" stroke="currentColor" class="searchfield__icon"><path stroke-linecap="round" stroke-linejoin="round" stroke-width="2" d="M21 21l-6-6m2-5a7 7 0 11-14 0 7 7 0 0114 0z"></path></svg></span> <input type="search" placeholder="Search" name="Search Term" id="search-box" class="searchfield__input search__input"> <span class="searchfield__right"><button type="reset" class="searchfield__clear button" style=""><div class="button__content"><!----> <span class="button__content--center"><svg xmlns="http://www.w3.org/2000/svg" viewBox="0 0 20 20" fill="currentColor" class="searchfield__clear__icon"><path fill-rule="evenodd" d="M4.293 4.293a1 1 0 011.414 0L10 8.586l4.293-4.293a1 1 0 111.414 1.414L11.414 10l4.293 4.293a1 1 0 01-1.414 1.414L10 11.414l-4.293 4.293a1 1 0 01-1.414-1.414L8.586 10 4.293 5.707a1 1 0 010-1.414z" clip-rule="evenodd"></path></svg></span>
          <!---->
        </div></button></span>
      </div>
      <!---->
      <!---->
    </div>
  </div> <button id="search-button" type="submit" class="search__button button">
    <div class="button__content">
      <!----> <span class="button__content--center"><span class="sr-only">Submit</span> <svg xmlns="http://www.w3.org/2000/svg" viewBox="0 0 20 20" fill="currentColor" aria-hidden="true" class="search__button__icon">
        <path fill-rule="evenodd" d="M16.707 5.293a1 1 0 010 1.414l-8 8a1 1 0 01-1.414 0l-4-4a1 1 0 011.414-1.414L8 12.586l7.293-7.293a1 1 0 011.414 0z" clip-rule="evenodd"></path>
      </svg></span>
      <!---->
    </div>
  </button></div>
</form>
`;

exports[`Search Form when a search is performed without a search term should render as expected 1`] = `
<form class="form search__form">
  <div class="search__form__container">
    <div class="attrs-fix search__box">
      <div class="input searchfield-container"><label for="search-box" class="input__label sr-only">
          Search Term
        </label>
        <div tabindex="0" class="searchfield rounded-lg search__container"><span class="searchfield__left"><svg xmlns="http://www.w3.org/2000/svg" fill="none" viewBox="0 0 24 24" stroke="currentColor" class="searchfield__icon"><path stroke-linecap="round" stroke-linejoin="round" stroke-width="2" d="M21 21l-6-6m2-5a7 7 0 11-14 0 7 7 0 0114 0z"></path></svg></span> <input type="search" placeholder="Search" name="Search Term" id="search-box" class="searchfield__input search__input"> <span class="searchfield__right"><button type="reset" class="searchfield__clear button" style="display: none;"><div class="button__content"><!----> <span class="button__content--center"><svg xmlns="http://www.w3.org/2000/svg" viewBox="0 0 20 20" fill="currentColor" class="searchfield__clear__icon"><path fill-rule="evenodd" d="M4.293 4.293a1 1 0 011.414 0L10 8.586l4.293-4.293a1 1 0 111.414 1.414L11.414 10l4.293 4.293a1 1 0 01-1.414 1.414L10 11.414l-4.293 4.293a1 1 0 01-1.414-1.414L8.586 10 4.293 5.707a1 1 0 010-1.414z" clip-rule="evenodd"></path></svg></span>
          <!---->
        </div></button></span>
      </div>
      <!---->
      <!---->
    </div>
  </div> <button id="search-button" type="submit" class="search__button button" disabled="disabled">
    <div class="button__content">
      <!----> <span class="button__content--center"><span class="sr-only">Submit</span> <svg xmlns="http://www.w3.org/2000/svg" viewBox="0 0 20 20" fill="currentColor" aria-hidden="true" class="search__button__icon">
        <path fill-rule="evenodd" d="M16.707 5.293a1 1 0 010 1.414l-8 8a1 1 0 01-1.414 0l-4-4a1 1 0 011.414-1.414L8 12.586l7.293-7.293a1 1 0 011.414 0z" clip-rule="evenodd"></path>
      </svg></span>
      <!---->
    </div>
  </button></div>
</form>
`;

exports[`Search Form when a valid search is performed should render as expected 1`] = `
<form class="form search__form">
  <div class="search__form__container">
    <div class="attrs-fix search__box">
      <div class="input searchfield-container"><label for="search-box" class="input__label sr-only">
          Search Term
        </label>
        <div tabindex="0" class="searchfield rounded-lg search__container"><span class="searchfield__left"><svg xmlns="http://www.w3.org/2000/svg" fill="none" viewBox="0 0 24 24" stroke="currentColor" class="searchfield__icon"><path stroke-linecap="round" stroke-linejoin="round" stroke-width="2" d="M21 21l-6-6m2-5a7 7 0 11-14 0 7 7 0 0114 0z"></path></svg></span> <input type="search" placeholder="Search" name="Search Term" id="search-box" class="searchfield__input search__input"> <span class="searchfield__right"><button type="reset" class="searchfield__clear button" style=""><div class="button__content"><!----> <span class="button__content--center"><svg xmlns="http://www.w3.org/2000/svg" viewBox="0 0 20 20" fill="currentColor" class="searchfield__clear__icon"><path fill-rule="evenodd" d="M4.293 4.293a1 1 0 011.414 0L10 8.586l4.293-4.293a1 1 0 111.414 1.414L11.414 10l4.293 4.293a1 1 0 01-1.414 1.414L10 11.414l-4.293 4.293a1 1 0 01-1.414-1.414L8.586 10 4.293 5.707a1 1 0 010-1.414z" clip-rule="evenodd"></path></svg></span>
          <!---->
        </div></button></span>
      </div>
      <!---->
      <!---->
    </div>
  </div> <button id="search-button" type="submit" class="search__button button">
    <div class="button__content">
      <!----> <span class="button__content--center"><span class="sr-only">Submit</span> <svg xmlns="http://www.w3.org/2000/svg" viewBox="0 0 20 20" fill="currentColor" aria-hidden="true" class="search__button__icon" style="">
        <path fill-rule="evenodd" d="M16.707 5.293a1 1 0 010 1.414l-8 8a1 1 0 01-1.414 0l-4-4a1 1 0 011.414-1.414L8 12.586l7.293-7.293a1 1 0 011.414 0z" clip-rule="evenodd"></path>
      </svg></span>
      <!---->
    </div>
  </button></div>
</form>
`;

exports[`Search Form when an invalid search is performed should render as expected 1`] = `
<form class="form search__form">
  <div class="search__form__container">
    <div class="attrs-fix search__box">
      <div class="input searchfield-container"><label for="search-box" class="input__label sr-only">
          Search Term
        </label>
        <div tabindex="0" class="searchfield rounded-lg search__container"><span class="searchfield__left"><svg xmlns="http://www.w3.org/2000/svg" fill="none" viewBox="0 0 24 24" stroke="currentColor" class="searchfield__icon"><path stroke-linecap="round" stroke-linejoin="round" stroke-width="2" d="M21 21l-6-6m2-5a7 7 0 11-14 0 7 7 0 0114 0z"></path></svg></span> <input type="search" placeholder="Search" name="Search Term" id="search-box" class="searchfield__input search__input"> <span class="searchfield__right"><button type="reset" class="searchfield__clear button" style="display: none;"><div class="button__content"><!----> <span class="button__content--center"><svg xmlns="http://www.w3.org/2000/svg" viewBox="0 0 20 20" fill="currentColor" class="searchfield__clear__icon"><path fill-rule="evenodd" d="M4.293 4.293a1 1 0 011.414 0L10 8.586l4.293-4.293a1 1 0 111.414 1.414L11.414 10l4.293 4.293a1 1 0 01-1.414 1.414L10 11.414l-4.293 4.293a1 1 0 01-1.414-1.414L8.586 10 4.293 5.707a1 1 0 010-1.414z" clip-rule="evenodd"></path></svg></span>
          <!---->
        </div></button></span>
      </div>
      <!---->
      <!---->
    </div>
  </div> <button id="search-button" type="submit" class="search__button button" disabled="disabled">
    <div class="button__content">
      <!----> <span class="button__content--center"><span class="sr-only">Submit</span> <svg xmlns="http://www.w3.org/2000/svg" viewBox="0 0 20 20" fill="currentColor" aria-hidden="true" class="search__button__icon">
        <path fill-rule="evenodd" d="M16.707 5.293a1 1 0 010 1.414l-8 8a1 1 0 01-1.414 0l-4-4a1 1 0 011.414-1.414L8 12.586l7.293-7.293a1 1 0 011.414 0z" clip-rule="evenodd"></path>
      </svg></span>
      <!---->
    </div>
  </button></div>
</form>
`;

exports[`Search Form when clicking the clear search text button should render as expected 1`] = `
<form class="form search__form">
  <div class="search__form__container">
    <div class="attrs-fix search__box">
      <div class="input searchfield-container"><label for="search-box" class="input__label sr-only">
          Search Term
        </label>
        <div tabindex="0" class="searchfield rounded-lg search__container search__container--focused"><span class="searchfield__left"><svg xmlns="http://www.w3.org/2000/svg" fill="none" viewBox="0 0 24 24" stroke="currentColor" class="searchfield__icon"><path stroke-linecap="round" stroke-linejoin="round" stroke-width="2" d="M21 21l-6-6m2-5a7 7 0 11-14 0 7 7 0 0114 0z"></path></svg></span> <input type="search" placeholder="Search" name="Search Term" id="search-box" class="searchfield__input search__input"> <span class="searchfield__right"><button type="reset" class="searchfield__clear button" style="display: none;"><div class="button__content"><!----> <span class="button__content--center"><svg xmlns="http://www.w3.org/2000/svg" viewBox="0 0 20 20" fill="currentColor" class="searchfield__clear__icon"><path fill-rule="evenodd" d="M4.293 4.293a1 1 0 011.414 0L10 8.586l4.293-4.293a1 1 0 111.414 1.414L11.414 10l4.293 4.293a1 1 0 01-1.414 1.414L10 11.414l-4.293 4.293a1 1 0 01-1.414-1.414L8.586 10 4.293 5.707a1 1 0 010-1.414z" clip-rule="evenodd"></path></svg></span>
          <!---->
        </div></button></span>
      </div>
      <!---->
      <!---->
    </div>
  </div> <button id="search-button" type="submit" class="search__button button" disabled="disabled">
    <div class="button__content">
      <!----> <span class="button__content--center"><span class="sr-only">Submit</span> <svg xmlns="http://www.w3.org/2000/svg" viewBox="0 0 20 20" fill="currentColor" aria-hidden="true" class="search__button__icon">
        <path fill-rule="evenodd" d="M16.707 5.293a1 1 0 010 1.414l-8 8a1 1 0 01-1.414 0l-4-4a1 1 0 011.414-1.414L8 12.586l7.293-7.293a1 1 0 011.414 0z" clip-rule="evenodd"></path>
      </svg></span>
      <!---->
    </div>
  </button></div>
</form>
`;

exports[`Search Form when the search term container is focused should render as expected 1`] = `
<form class="form search__form">
  <div class="search__form__container">
    <div class="attrs-fix search__box">
      <div class="input searchfield-container"><label for="search-box" class="input__label sr-only">
          Search Term
        </label>
        <div tabindex="0" class="searchfield rounded-lg search__container search__container--focused"><span class="searchfield__left"><svg xmlns="http://www.w3.org/2000/svg" fill="none" viewBox="0 0 24 24" stroke="currentColor" class="searchfield__icon"><path stroke-linecap="round" stroke-linejoin="round" stroke-width="2" d="M21 21l-6-6m2-5a7 7 0 11-14 0 7 7 0 0114 0z"></path></svg></span> <input type="search" placeholder="Search" name="Search Term" id="search-box" class="searchfield__input search__input"> <span class="searchfield__right"><button type="reset" class="searchfield__clear button" style="display: none;"><div class="button__content"><!----> <span class="button__content--center"><svg xmlns="http://www.w3.org/2000/svg" viewBox="0 0 20 20" fill="currentColor" class="searchfield__clear__icon"><path fill-rule="evenodd" d="M4.293 4.293a1 1 0 011.414 0L10 8.586l4.293-4.293a1 1 0 111.414 1.414L11.414 10l4.293 4.293a1 1 0 01-1.414 1.414L10 11.414l-4.293 4.293a1 1 0 01-1.414-1.414L8.586 10 4.293 5.707a1 1 0 010-1.414z" clip-rule="evenodd"></path></svg></span>
          <!---->
        </div></button></span>
      </div>
      <!---->
      <!---->
    </div>
  </div> <button id="search-button" type="submit" class="search__button button">
    <div class="button__content">
      <!----> <span class="button__content--center"><span class="sr-only">Submit</span> <svg xmlns="http://www.w3.org/2000/svg" viewBox="0 0 20 20" fill="currentColor" aria-hidden="true" class="search__button__icon">
        <path fill-rule="evenodd" d="M16.707 5.293a1 1 0 010 1.414l-8 8a1 1 0 01-1.414 0l-4-4a1 1 0 011.414-1.414L8 12.586l7.293-7.293a1 1 0 011.414 0z" clip-rule="evenodd"></path>
      </svg></span>
      <!---->
    </div>
  </button></div>
</form>
`;

exports[`Search Form when the search term container is not focused and there are no search errors should render as expected 1`] = `
<form class="form search__form">
  <div class="search__form__container">
    <div class="attrs-fix search__box">
      <div class="input searchfield-container"><label for="search-box" class="input__label sr-only">
          Search Term
        </label>
        <div tabindex="0" class="searchfield rounded-lg search__container"><span class="searchfield__left"><svg xmlns="http://www.w3.org/2000/svg" fill="none" viewBox="0 0 24 24" stroke="currentColor" class="searchfield__icon"><path stroke-linecap="round" stroke-linejoin="round" stroke-width="2" d="M21 21l-6-6m2-5a7 7 0 11-14 0 7 7 0 0114 0z"></path></svg></span> <input type="search" placeholder="Search" name="Search Term" id="search-box" class="searchfield__input search__input"> <span class="searchfield__right"><button type="reset" class="searchfield__clear button" style="display: none;"><div class="button__content"><!----> <span class="button__content--center"><svg xmlns="http://www.w3.org/2000/svg" viewBox="0 0 20 20" fill="currentColor" class="searchfield__clear__icon"><path fill-rule="evenodd" d="M4.293 4.293a1 1 0 011.414 0L10 8.586l4.293-4.293a1 1 0 111.414 1.414L11.414 10l4.293 4.293a1 1 0 01-1.414 1.414L10 11.414l-4.293 4.293a1 1 0 01-1.414-1.414L8.586 10 4.293 5.707a1 1 0 010-1.414z" clip-rule="evenodd"></path></svg></span>
          <!---->
        </div></button></span>
      </div>
      <!---->
      <!---->
    </div>
  </div> <button id="search-button" type="submit" class="search__button button">
    <div class="button__content">
      <!----> <span class="button__content--center"><span class="sr-only">Submit</span> <svg xmlns="http://www.w3.org/2000/svg" viewBox="0 0 20 20" fill="currentColor" aria-hidden="true" class="search__button__icon">
        <path fill-rule="evenodd" d="M16.707 5.293a1 1 0 010 1.414l-8 8a1 1 0 01-1.414 0l-4-4a1 1 0 011.414-1.414L8 12.586l7.293-7.293a1 1 0 011.414 0z" clip-rule="evenodd"></path>
      </svg></span>
      <!---->
    </div>
  </button></div>
</form>
`;

exports[`Search Form when the search term input is not focused and there are no errors should render as expected 1`] = `
<form class="form search__form">
  <div class="search__form__container">
    <div class="attrs-fix search__box">
      <div class="input searchfield-container"><label for="search-box" class="input__label sr-only">
          Search Term
        </label>
        <div tabindex="0" class="searchfield rounded-lg search__container"><span class="searchfield__left"><svg xmlns="http://www.w3.org/2000/svg" fill="none" viewBox="0 0 24 24" stroke="currentColor" class="searchfield__icon"><path stroke-linecap="round" stroke-linejoin="round" stroke-width="2" d="M21 21l-6-6m2-5a7 7 0 11-14 0 7 7 0 0114 0z"></path></svg></span> <input type="search" placeholder="Search" name="Search Term" id="search-box" class="searchfield__input search__input"> <span class="searchfield__right"><button type="reset" class="searchfield__clear button" style="display: none;"><div class="button__content"><!----> <span class="button__content--center"><svg xmlns="http://www.w3.org/2000/svg" viewBox="0 0 20 20" fill="currentColor" class="searchfield__clear__icon"><path fill-rule="evenodd" d="M4.293 4.293a1 1 0 011.414 0L10 8.586l4.293-4.293a1 1 0 111.414 1.414L11.414 10l4.293 4.293a1 1 0 01-1.414 1.414L10 11.414l-4.293 4.293a1 1 0 01-1.414-1.414L8.586 10 4.293 5.707a1 1 0 010-1.414z" clip-rule="evenodd"></path></svg></span>
          <!---->
        </div></button></span>
      </div>
      <!---->
      <!---->
    </div>
  </div> <button id="search-button" type="submit" class="search__button button">
    <div class="button__content">
      <!----> <span class="button__content--center"><span class="sr-only">Submit</span> <svg xmlns="http://www.w3.org/2000/svg" viewBox="0 0 20 20" fill="currentColor" aria-hidden="true" class="search__button__icon">
        <path fill-rule="evenodd" d="M16.707 5.293a1 1 0 010 1.414l-8 8a1 1 0 01-1.414 0l-4-4a1 1 0 011.414-1.414L8 12.586l7.293-7.293a1 1 0 011.414 0z" clip-rule="evenodd"></path>
      </svg></span>
      <!---->
    </div>
  </button></div>
</form>
`;
